[web-education-ar-demo.appspot.com/index.html]
[backblue.gif]
[fade.gif]
[index.html]
[web-education-ar-demo.appspot.com/images/google-arts-culture.png]
[web-education-ar-demo.appspot.com/images/chacmool.jpg]
[web-education-ar-demo.appspot.com/images/cyark.webp]
[web-education-ar-demo.appspot.com/images/icons/ic_close_white_2x_web_36dp.png]
[web-education-ar-demo.appspot.com/images/icons/ic_location_on_white_36dp_2x.png]
[web-education-ar-demo.appspot.com/images/icons/ic_location_off_white_36dp_2x.png]
[web-education-ar-demo.appspot.com/images/icons/ic_view_in_ar_white_2x_web_36dp.png]
[web-education-ar-demo.appspot.com/images/icons/ic_fullscreen_white_2x_web_36dp.png]
[web-education-ar-demo.appspot.com/images/jaguar.png]
[web-education-ar-demo.appspot.com/images/xiuhmolpilli.png]
[web-education-ar-demo.appspot.com/third_party/babel-polyfill/polyfill.js]
[web-education-ar-demo.appspot.com/third_party/dialog-polyfill/dialog-polyfill.js]
[web-education-ar-demo.appspot.com/third_party/material-design-lite/material.min.js]
[web-education-ar-demo.appspot.com/third_party/zlib.js/inflate.min.js]
[web-education-ar-demo.appspot.com/third_party/stats.js/stats.min.js]
[web-education-ar-demo.appspot.com/third_party/three.js/three.min.js]
[web-education-ar-demo.appspot.com/third_party/three.js/OrbitControls.js]
[web-education-ar-demo.appspot.com/third_party/three.js/FBXLoader.js]
[web-education-ar-demo.appspot.com/js/index.js]
[web-education-ar-demo.appspot.com/index.html]
[web-education-ar-demo.appspot.com/third_party/dialog-polyfill/dialog-polyfill.css]
[web-education-ar-demo.appspot.com/third_party/material-design-lite/material.min.css]
[web-education-ar-demo.appspot.com/css/app.css]
